#id {
    *background-color: white;
}
#id div {
    *color: black;
}
